[1/12500] q=1/500 system=asm_bridge81 budget=2000 input=2273
[2/12500] q=1/500 system=vector_bridge81 budget=2000 input=2271
[3/12500] q=1/500 system=bm25_bridge81 budget=2000 input=2275
[4/12500] q=1/500 system=vector_bm25_rrf_bridge81 budget=2000 input=2273
[5/12500] q=1/500 system=trustgraph_graph_embeddings budget=2000 input=2345
[6/12500] q=1/500 system=asm_bridge81 budget=4000 input=4329
[7/12500] q=1/500 system=vector_bridge81 budget=4000 input=4333
[8/12500] q=1/500 system=bm25_bridge81 budget=4000 input=4331
[9/12500] q=1/500 system=vector_bm25_rrf_bridge81 budget=4000 input=4387
[10/12500] q=1/500 system=trustgraph_graph_embeddings budget=4000 input=4408
[11/12500] q=1/500 system=asm_bridge81 budget=8000 input=8445
[12/12500] q=1/500 system=vector_bridge81 budget=8000 input=8655
[13/12500] q=1/500 system=bm25_bridge81 budget=8000 input=8387
[14/12500] q=1/500 system=vector_bm25_rrf_bridge81 budget=8000 input=8441
[15/12500] q=1/500 system=trustgraph_graph_embeddings budget=8000 input=8527
[16/12500] q=1/500 system=asm_bridge81 budget=16000 input=16611
[17/12500] q=1/500 system=vector_bridge81 budget=16000 input=16953
[18/12500] q=1/500 system=bm25_bridge81 budget=16000 input=16567
[19/12500] q=1/500 system=vector_bm25_rrf_bridge81 budget=16000 input=16687
[20/12500] q=1/500 system=trustgraph_graph_embeddings budget=16000 input=16769
[21/12500] q=1/500 system=asm_bridge81 budget=28000 input=28953
[22/12500] q=1/500 system=vector_bridge81 budget=28000 input=23621
[23/12500] q=1/500 system=bm25_bridge81 budget=28000 input=28837
[24/12500] q=1/500 system=vector_bm25_rrf_bridge81 budget=28000 input=29111
[25/12500] q=1/500 system=trustgraph_graph_embeddings budget=28000 input=26891
[26/12500] q=2/500 system=asm_bridge81 budget=2000 input=2276
[27/12500] q=2/500 system=vector_bridge81 budget=2000 input=2278
[28/12500] q=2/500 system=bm25_bridge81 budget=2000 input=2278
[29/12500] q=2/500 system=vector_bm25_rrf_bridge81 budget=2000 input=2278
[30/12500] q=2/500 system=trustgraph_graph_embeddings budget=2000 input=2278
[31/12500] q=2/500 system=asm_bridge81 budget=4000 input=4345
[32/12500] q=2/500 system=vector_bridge81 budget=4000 input=4335
[33/12500] q=2/500 system=bm25_bridge81 budget=4000 input=4339
[34/12500] q=2/500 system=vector_bm25_rrf_bridge81 budget=4000 input=4335
[35/12500] q=2/500 system=trustgraph_graph_embeddings budget=4000 input=4339
[36/12500] q=2/500 system=asm_bridge81 budget=8000 input=8472
[37/12500] q=2/500 system=vector_bridge81 budget=8000 input=8396
[38/12500] q=2/500 system=bm25_bridge81 budget=8000 input=8394
[39/12500] q=2/500 system=vector_bm25_rrf_bridge81 budget=8000 input=8396
[40/12500] q=2/500 system=trustgraph_graph_embeddings budget=8000 input=8396
[41/12500] q=2/500 system=asm_bridge81 budget=16000 input=16763
[42/12500] q=2/500 system=vector_bridge81 budget=16000 input=16573
[43/12500] q=2/500 system=bm25_bridge81 budget=16000 input=16563
[44/12500] q=2/500 system=vector_bm25_rrf_bridge81 budget=16000 input=16512
[45/12500] q=2/500 system=trustgraph_graph_embeddings budget=16000 input=16567
[46/12500] q=2/500 system=asm_bridge81 budget=28000 input=29060
[47/12500] q=2/500 system=vector_bridge81 budget=28000 input=28982
[48/12500] q=2/500 system=bm25_bridge81 budget=28000 input=28795
[49/12500] q=2/500 system=vector_bm25_rrf_bridge81 budget=28000 input=28789
[50/12500] q=2/500 system=trustgraph_graph_embeddings budget=28000 input=28797
[51/12500] q=3/500 system=asm_bridge81 budget=2000 input=2275
[52/12500] q=3/500 system=vector_bridge81 budget=2000 input=2281
[53/12500] q=3/500 system=bm25_bridge81 budget=2000 input=2281
[54/12500] q=3/500 system=vector_bm25_rrf_bridge81 budget=2000 input=2281
[55/12500] q=3/500 system=trustgraph_graph_embeddings budget=2000 input=2281
[56/12500] q=3/500 system=asm_bridge81 budget=4000 input=4333
[57/12500] q=3/500 system=vector_bridge81 budget=4000 input=4407
[58/12500] q=3/500 system=bm25_bridge81 budget=4000 input=4335
[59/12500] q=3/500 system=vector_bm25_rrf_bridge81 budget=4000 input=4335
[60/12500] q=3/500 system=trustgraph_graph_embeddings budget=4000 input=4349
[61/12500] q=3/500 system=asm_bridge81 budget=8000 input=8521
[62/12500] q=3/500 system=vector_bridge81 budget=8000 input=8463
[63/12500] q=3/500 system=bm25_bridge81 budget=8000 input=8388
[64/12500] q=3/500 system=vector_bm25_rrf_bridge81 budget=8000 input=8397
[65/12500] q=3/500 system=trustgraph_graph_embeddings budget=8000 input=8469
[66/12500] q=3/500 system=asm_bridge81 budget=16000 input=16755
[67/12500] q=3/500 system=vector_bridge81 budget=16000 input=16653
[68/12500] q=3/500 system=bm25_bridge81 budget=16000 input=16575
[69/12500] q=3/500 system=vector_bm25_rrf_bridge81 budget=16000 input=16639
[70/12500] q=3/500 system=trustgraph_graph_embeddings budget=16000 input=16785
[71/12500] q=3/500 system=asm_bridge81 budget=28000 input=29047
[72/12500] q=3/500 system=vector_bridge81 budget=28000 input=29083
[73/12500] q=3/500 system=bm25_bridge81 budget=28000 input=29001
[74/12500] q=3/500 system=vector_bm25_rrf_bridge81 budget=28000 input=28883
[75/12500] q=3/500 system=trustgraph_graph_embeddings budget=28000 input=29013
[76/12500] q=4/500 system=asm_bridge81 budget=2000 input=2388
[77/12500] q=4/500 system=vector_bridge81 budget=2000 input=2278
[78/12500] q=4/500 system=bm25_bridge81 budget=2000 input=2278
[79/12500] q=4/500 system=vector_bm25_rrf_bridge81 budget=2000 input=2278
[80/12500] q=4/500 system=trustgraph_graph_embeddings budget=2000 input=2339
[81/12500] q=4/500 system=asm_bridge81 budget=4000 input=4445
[82/12500] q=4/500 system=vector_bridge81 budget=4000 input=4526
[83/12500] q=4/500 system=bm25_bridge81 budget=4000 input=4397
[84/12500] q=4/500 system=vector_bm25_rrf_bridge81 budget=4000 input=4449
[85/12500] q=4/500 system=trustgraph_graph_embeddings budget=4000 input=4396
[86/12500] q=4/500 system=asm_bridge81 budget=8000 input=8577
[87/12500] q=4/500 system=vector_bridge81 budget=8000 input=8650
[88/12500] q=4/500 system=bm25_bridge81 budget=8000 input=8577
[89/12500] q=4/500 system=vector_bm25_rrf_bridge81 budget=8000 input=8569
[90/12500] q=4/500 system=trustgraph_graph_embeddings budget=8000 input=8453
[91/12500] q=4/500 system=asm_bridge81 budget=16000 input=16760
[92/12500] q=4/500 system=vector_bridge81 budget=16000 input=16950
[93/12500] q=4/500 system=bm25_bridge81 budget=16000 input=16756
[94/12500] q=4/500 system=vector_bm25_rrf_bridge81 budget=16000 input=17008
[95/12500] q=4/500 system=trustgraph_graph_embeddings budget=16000 input=16744
[96/12500] q=4/500 system=asm_bridge81 budget=28000 input=27729
[97/12500] q=4/500 system=vector_bridge81 budget=28000 input=21534
[98/12500] q=4/500 system=bm25_bridge81 budget=28000 input=29122
[99/12500] q=4/500 system=vector_bm25_rrf_bridge81 budget=28000 input=24594
[100/12500] q=4/500 system=trustgraph_graph_embeddings budget=28000 input=29088
[101/12500] q=5/500 system=asm_bridge81 budget=2000 input=2342
[102/12500] q=5/500 system=vector_bridge81 budget=2000 input=2279
[103/12500] q=5/500 system=bm25_bridge81 budget=2000 input=2279
[104/12500] q=5/500 system=vector_bm25_rrf_bridge81 budget=2000 input=2279
[105/12500] q=5/500 system=trustgraph_graph_embeddings budget=2000 input=2279
[106/12500] q=5/500 system=asm_bridge81 budget=4000 input=4395
[107/12500] q=5/500 system=vector_bridge81 budget=4000 input=4336
[108/12500] q=5/500 system=bm25_bridge81 budget=4000 input=4332
[109/12500] q=5/500 system=vector_bm25_rrf_bridge81 budget=4000 input=4336
[110/12500] q=5/500 system=trustgraph_graph_embeddings budget=4000 input=4344
[111/12500] q=5/500 system=asm_bridge81 budget=8000 input=8509
[112/12500] q=5/500 system=vector_bridge81 budget=8000 input=8468
